[INFO] Scanning for projects...
[INFO] 
[INFO] -----------------------< com.staport:atelier360 >-----------------------
[INFO] Building atelier360 0.0.1-SNAPSHOT
[INFO]   from pom.xml
[INFO] --------------------------------[ jar ]---------------------------------
[INFO] 
[INFO] --- clean:3.3.2:clean (default-clean) @ atelier360 ---
[INFO] Deleting C:\Users\Khawla\Desktop\AtelierV\Atelier360\backend\target
[INFO] 
[INFO] --- resources:3.3.1:resources (default-resources) @ atelier360 ---
[INFO] Copying 1 resource from src\main\resources to target\classes
[INFO] Copying 1 resource from src\main\resources to target\classes
[INFO] 
[INFO] --- compiler:3.13.0:compile (default-compile) @ atelier360 ---
[INFO] Recompiling the module because of changed source code.
[INFO] Compiling 59 source files with javac [debug parameters release 17] to target\classes
[INFO] -------------------------------------------------------------
[ERROR] COMPILATION ERROR : 
[INFO] -------------------------------------------------------------
[ERROR] /C:/Users/Khawla/Desktop/AtelierV/Atelier360/backend/src/main/java/com/staport/atelier360/services/InterventionService.java:[96,5] illegal start of expression
[INFO] 1 error
[INFO] -------------------------------------------------------------
[INFO] ------------------------------------------------------------------------
[INFO] BUILD FAILURE
[INFO] ------------------------------------------------------------------------
[INFO] Total time:  1.718 s
[INFO] Finished at: 2026-04-07T17:19:52+01:00
[INFO] ------------------------------------------------------------------------
[ERROR] Failed to execute goal org.apache.maven.plugins:maven-compiler-plugin:3.13.0:compile (default-compile) on project atelier360: Compilation failure
[ERROR] /C:/Users/Khawla/Desktop/AtelierV/Atelier360/backend/src/main/java/com/staport/atelier360/services/InterventionService.java:[96,5] illegal start of expression
[ERROR] 
[ERROR] -> [Help 1]
[ERROR] 
[ERROR] To see the full stack trace of the errors, re-run Maven with the -e switch.
[ERROR] Re-run Maven using the -X switch to enable full debug logging.
[ERROR] 
[ERROR] For more information about the errors and possible solutions, please read the following articles:
[ERROR] [Help 1] http://cwiki.apache.org/confluence/display/MAVEN/MojoFailureException
